0 verbose cli C:\nvm4w\nodejs\node.exe C:\nvm4w\nodejs\node_modules\npm\bin\npm-cli.js
1 info using npm@11.16.0
2 info using node@v26.3.0
3 silly config load:file:C:\Users\SAHAL\AppData\Local\nvm\v26.3.0\node_modules\npm\npmrc
4 silly config load:file:D:\24x7ai\.npmrc
5 silly config load:file:C:\Users\SAHAL\.npmrc
6 silly config load:file:C:\nvm4w\nodejs\etc\npmrc
7 verbose title npm whoami
8 verbose argv "whoami" "--cache" "./.npm-cache" "--offline"
9 verbose logfile logs-max:10 dir:D:\24x7ai\.npm-cache\_logs\2026-09-30T03_22_35_266Z-
10 verbose logfile D:\24x7ai\.npm-cache\_logs\2026-09-30T03_22_35_266Z-debug-0.log
11 silly logfile done cleaning log files
12 http fetch GET https://registry.npmjs.org/npm attempt 1 failed with ECONNREFUSED
13 verbose stack Error: request to https://registry.npmjs.org/-/whoami failed: cache mode is 'only-if-cached' but no cached response is available.
13 verbose stack     at cacheFetch (C:\Users\SAHAL\AppData\Local\nvm\v26.3.0\node_modules\npm\node_modules\make-fetch-happen\lib\cache\index.js:12:13)
13 verbose stack     at async fetch (C:\Users\SAHAL\AppData\Local\nvm\v26.3.0\node_modules\npm\node_modules\make-fetch-happen\lib\fetch.js:98:7)
13 verbose stack     at async module.exports (C:\Users\SAHAL\AppData\Local\nvm\v26.3.0\node_modules\npm\lib\utils\get-identity.js:14:26)
13 verbose stack     at async Whoami.exec (C:\Users\SAHAL\AppData\Local\nvm\v26.3.0\node_modules\npm\lib\commands\whoami.js:11:22)
13 verbose stack     at async Npm.exec (C:\Users\SAHAL\AppData\Local\nvm\v26.3.0\node_modules\npm\lib\npm.js:193:9)
13 verbose stack     at async module.exports (C:\Users\SAHAL\AppData\Local\nvm\v26.3.0\node_modules\npm\lib\cli\entry.js:67:5)
14 error code ENOTCACHED
15 error request to https://registry.npmjs.org/-/whoami failed: cache mode is 'only-if-cached' but no cached response is available.
16 verbose cwd D:\24x7ai
17 verbose os Windows_NT 10.0.26200
18 verbose node v26.3.0
19 verbose npm  v11.16.0
20 verbose exit 1
21 verbose code 1
22 error A complete log of this run can be found in: D:\24x7ai\.npm-cache\_logs\2026-09-30T03_22_35_266Z-debug-0.log
